[    0.000000] Linux version 4.15.0-96-generic (buildd@lgw01-amd64-004) (gcc version 7.5.0 (Ubuntu 7.5.0-3ubuntu1~18.04)) #97-Ubuntu SMP Wed Apr 1 03:25:46 UTC 2020 (Ubuntu 4.15.0-96.97-generic 4.15.18)
[    0.000000] Command line: BOOT_IMAGE=/boot/vmlinuz-4.15.0-96-generic root=UUID=8dedfe6d-fd80-4a92-9a79-ebdffc91753f ro console=tty1 console=ttyS0
[    0.000000] KERNEL supported cpus:
[    0.000000]   Intel GenuineIntel
[    0.000000]   AMD AuthenticAMD
[    0.000000]   Centaur CentaurHauls
[    0.000000] x86/fpu: Supporting XSAVE feature 0x001: 'x87 floating point registers'
[    0.000000] x86/fpu: Supporting XSAVE feature 0x002: 'SSE registers'
[    0.000000] x86/fpu: Supporting XSAVE feature 0x004: 'AVX registers'
[    0.000000] x86/fpu: xstate_offset[2]:  576, xstate_sizes[2]:  256
[    0.000000] x86/fpu: Enabled xstate features 0x7, context size is 832 bytes, using 'standard' format.
[    0.000000] e820: BIOS-provided physical RAM map:
[    0.000000] BIOS-e820: [mem 0x0000000000000000-0x000000000009fbff] usable
[    0.000000] BIOS-e820: [mem 0x000000000009fc00-0x000000000009ffff] reserved
[    0.000000] BIOS-e820: [mem 0x00000000000f0000-0x00000000000fffff] reserved
[    0.000000] BIOS-e820: [mem 0x0000000000100000-0x000000003ffeffff] usable
[    0.000000] BIOS-e820: [mem 0x000000003fff0000-0x000000003fffffff] ACPI data
[    0.000000] BIOS-e820: [mem 0x00000000fec00000-0x00000000fec00fff] reserved
[    0.000000] BIOS-e820: [mem 0x00000000fee00000-0x00000000fee00fff] reserved
[    0.000000] BIOS-e820: [mem 0x00000000fffc0000-0x00000000ffffffff] reserved
[    0.000000] NX (Execute Disable) protection: active
[    0.000000] SMBIOS 2.5 present.
[    0.000000] DMI: innotek GmbH VirtualBox/VirtualBox, BIOS VirtualBox 12/01/2006
[    0.000000] Hypervisor detected: KVM
[    0.000000] e820: last_pfn = 0x3fff0 max_arch_pfn = 0x400000000
[    0.000000] MTRR: Disabled
[    0.000000] x86/PAT: MTRRs disabled, skipping PAT initialization too.
[    0.000000] CPU MTRRs all blank - virtualized system.
[    0.000000] x86/PAT: Configuration [0-7]: WB  WT  UC- UC  WB  WT  UC- UC  
[    0.000000] found SMP MP-table at [mem 0x0009fff0-0x0009ffff]
[    0.000000] Scanning 1 areas for low memory corruption
[    0.000000] RAMDISK: [mem 0x35967000-0x36caafff]
[    0.000000] ACPI: Early table checksum verification disabled
[    0.000000] ACPI: RSDP 0x00000000000E0000 000024 (v02 VBOX  )
[    0.000000] ACPI: XSDT 0x000000003FFF0030 00003C (v01 VBOX   VBOXXSDT 00000001 ASL  00000061)
[    0.000000] ACPI: FACP 0x000000003FFF00F0 0000F4 (v04 VBOX   VBOXFACP 00000001 ASL  00000061)
[    0.000000] ACPI: DSDT 0x000000003FFF0470 0022EA (v02 VBOX   VBOXBIOS 00000002 INTL 20100528)
[    0.000000] ACPI: FACS 0x000000003FFF0200 000040
[    0.000000] ACPI: FACS 0x000000003FFF0200 000040
[    0.000000] ACPI: APIC 0x000000003FFF0240 00005C (v02 VBOX   VBOXAPIC 00000001 ASL  00000061)
[    0.000000] ACPI: SSDT 0x000000003FFF02A0 0001CC (v01 VBOX   VBOXCPUT 00000002 INTL 20100528)
[    0.000000] No NUMA configuration found
[    0.000000] Faking a node at [mem 0x0000000000000000-0x000000003ffeffff]
[    0.000000] NODE_DATA(0) allocated [mem 0x3ffc5000-0x3ffeffff]
[    0.000000] kvm-clock: cpu 0, msr 0:3ff44001, primary cpu clock
[    0.000000] kvm-clock: Using msrs 4b564d01 and 4b564d00
[    0.000000] kvm-clock: using sched offset of 4154351320 cycles
[    0.000000] clocksource: kvm-clock: mask: 0xffffffffffffffff max_cycles: 0x1cd42e4dffb, max_idle_ns: 881590591483 ns
[    0.000000] Zone ranges:
[    0.000000]   DMA      [mem 0x0000000000001000-0x0000000000ffffff]
[    0.000000]   DMA32    [mem 0x0000000001000000-0x000000003ffeffff]
[    0.000000]   Normal   empty
[    0.000000]   Device   empty
[    0.000000] Movable zone start for each node
[    0.000000] Early memory node ranges
[    0.000000]   node   0: [mem 0x0000000000001000-0x000000000009efff]
[    0.000000]   node   0: [mem 0x0000000000100000-0x000000003ffeffff]
[    0.000000] Reserved but unavailable: 98 pages
[    0.000000] Initmem setup node 0 [mem 0x0000000000001000-0x000000003ffeffff]
[    0.000000] ACPI: PM-Timer IO Port: 0x4008
[    0.000000] IOAPIC[0]: apic_id 2, version 32, address 0xfec00000, GSI 0-23
[    0.000000] ACPI: INT_SRC_OVR (bus 0 bus_irq 0 global_irq 2 dfl dfl)
[    0.000000] ACPI: INT_SRC_OVR (bus 0 bus_irq 9 global_irq 9 low level)
[    0.000000] Using ACPI (MADT) for SMP configuration information
[    0.000000] smpboot: Allowing 2 CPUs, 0 hotplug CPUs
[    0.000000] PM: Registered nosave memory: [mem 0x00000000-0x00000fff]
[    0.000000] PM: Registered nosave memory: [mem 0x0009f000-0x0009ffff]
[    0.000000] PM: Registered nosave memory: [mem 0x000a0000-0x000effff]
[    0.000000] PM: Registered nosave memory: [mem 0x000f0000-0x000fffff]
[    0.000000] e820: [mem 0x40000000-0xfebfffff] available for PCI devices
[    0.000000] Booting paravirtualized kernel on KVM
[    0.000000] clocksource: refined-jiffies: mask: 0xffffffff max_cycles: 0xffffffff, max_idle_ns: 7645519600211568 ns
[    0.000000] random: get_random_bytes called from start_kernel+0x99/0x4fd with crng_init=0
[    0.000000] setup_percpu: NR_CPUS:8192 nr_cpumask_bits:2 nr_cpu_ids:2 nr_node_ids:1
[    0.000000] percpu: Embedded 45 pages/cpu s147456 r8192 d28672 u1048576
[    0.000000] PV qspinlock hash table entries: 256 (order: 0, 4096 bytes)
[    0.000000] Built 1 zonelists, mobility grouping on.  Total pages: 257913
[    0.000000] Policy zone: DMA32
[    0.000000] Kernel command line: BOOT_IMAGE=/boot/vmlinuz-4.15.0-96-generic root=UUID=8dedfe6d-fd80-4a92-9a79-ebdffc91753f ro console=tty1 console=ttyS0
[    0.000000] Memory: 982540K/1048120K available (12300K kernel code, 2481K rwdata, 4264K rodata, 2432K init, 2712K bss, 65580K reserved, 0K cma-reserved)
[    0.000000] SLUB: HWalign=64, Order=0-3, MinObjects=0, CPUs=2, Nodes=1
[    0.000000] Kernel/User page tables isolation: enabled
[    0.000000] ftrace: allocating 39351 entries in 154 pages
[    0.004000] Hierarchical RCU implementation.
[    0.004000] 	RCU restricting CPUs from NR_CPUS=8192 to nr_cpu_ids=2.
[    0.004000] 	Tasks RCU enabled.
[    0.004000] RCU: Adjusting geometry for rcu_fanout_leaf=16, nr_cpu_ids=2
[    0.004000] NR_IRQS: 524544, nr_irqs: 440, preallocated irqs: 16
[    0.004000] Console: colour VGA+ 80x25
[    0.004000] console [tty1] enabled
[    0.004000] console [ttyS0] enabled
[    0.004000] ACPI: Core revision 20170831
[    0.004000] ACPI: 2 ACPI AML tables successfully acquired and loaded
[    0.004000] APIC: Switch to symmetric I/O mode setup
[    0.004000] x2apic enabled
[    0.004000] Switched APIC routing to physical x2apic.
[    0.005071] ..TIMER: vector=0x30 apic1=0 pin1=2 apic2=-1 pin2=-1
[    0.008002] tsc: Detected 1608.000 MHz processor
[    0.012013] Calibrating delay loop (skipped) preset value.. 3216.00 BogoMIPS (lpj=6432000)
[    0.014425] pid_max: default: 32768 minimum: 301
[    0.015422] Security Framework initialized
[    0.016005] Yama: becoming mindful.
[    0.017335] AppArmor: AppArmor initialized
[    0.020000] Dentry cache hash table entries: 131072 (order: 8, 1048576 bytes)
[    0.020088] Inode-cache hash table entries: 65536 (order: 7, 524288 bytes)
[    0.024041] Mount-cache hash table entries: 2048 (order: 2, 16384 bytes)
[    0.025457] Mountpoint-cache hash table entries: 2048 (order: 2, 16384 bytes)
[    0.027159] Last level iTLB entries: 4KB 64, 2MB 8, 4MB 8
[    0.028002] Last level dTLB entries: 4KB 64, 2MB 0, 4MB 0, 1GB 4
[    0.029209] Spectre V1 : Mitigation: usercopy/swapgs barriers and __user pointer sanitization
[    0.030930] Spectre V2 : Mitigation: Full generic retpoline
[    0.032004] Spectre V2 : Spectre v2 / SpectreRSB mitigation: Filling RSB on context switch
[    0.033818] Speculative Store Bypass: Vulnerable
[    0.036048] MDS: Mitigation: Clear CPU buffers
[    0.037148] Freeing SMP alternatives memory: 36K
[    0.148880] smpboot: CPU0: Intel(R) Core(TM) i5-8210Y CPU @ 1.60GHz (family: 0x6, model: 0x8e, stepping: 0x9)
[    0.152000] Performance Events: unsupported p6 CPU model 142 no PMU driver, software events only.
[    0.152042] Hierarchical SRCU implementation.
[    0.153588] NMI watchdog: Perf event create on CPU 0 failed with -2
[    0.156003] NMI watchdog: Perf NMI watchdog permanently disabled
[    0.157491] smp: Bringing up secondary CPUs ...
[    0.160126] x86: Booting SMP configuration:
[    0.161029] .... node  #0, CPUs:      #1
[    0.004000] kvm-clock: cpu 1, msr 0:3ff44041, secondary cpu clock
[    0.167179] smp: Brought up 1 node, 2 CPUs
[    0.168023] smpboot: Max logical packages: 1
[    0.169710] smpboot: Total of 2 processors activated (6432.00 BogoMIPS)
[    0.172161] devtmpfs: initialized
[    0.173153] x86/mm: Memory block size: 128MB
[    0.174194] evm: security.selinux
[    0.175177] evm: security.SMACK64
[    0.176005] evm: security.SMACK64EXEC
[    0.177184] evm: security.SMACK64TRANSMUTE
[    0.178217] evm: security.SMACK64MMAP
[    0.180004] evm: security.apparmor
[    0.181012] evm: security.ima
[    0.181661] evm: security.capability
[    0.183033] clocksource: jiffies: mask: 0xffffffff max_cycles: 0xffffffff, max_idle_ns: 7645041785100000 ns
[    0.184017] futex hash table entries: 512 (order: 3, 32768 bytes)
[    0.186956] pinctrl core: initialized pinctrl subsystem
[    0.188124] RTC time: 16:30:54, date: 04/26/20
[    0.192151] NET: Registered protocol family 16
[    0.193596] audit: initializing netlink subsys (disabled)
[    0.194769] audit: type=2000 audit(1587918660.042:1): state=initialized audit_enabled=0 res=1
[    0.196043] cpuidle: using governor ladder
[    0.197273] cpuidle: using governor menu
[    0.200033] ACPI: bus type PCI registered
[    0.201263] acpiphp: ACPI Hot Plug PCI Controller Driver version: 0.5
[    0.203218] PCI: Using configuration type 1 for base access
[    0.204974] HugeTLB registered 2.00 MiB page size, pre-allocated 0 pages
[    0.208147] ACPI: Added _OSI(Module Device)
[    0.209097] ACPI: Added _OSI(Processor Device)
[    0.210608] ACPI: Added _OSI(3.0 _SCP Extensions)
[    0.212011] ACPI: Added _OSI(Processor Aggregator Device)
[    0.213449] ACPI: Added _OSI(Linux-Dell-Video)
[    0.216027] ACPI: Added _OSI(Linux-Lenovo-NV-HDMI-Audio)
[    0.217306] ACPI: Added _OSI(Linux-HPI-Hybrid-Graphics)
[    0.220399] ACPI: Executed 1 blocks of module-level executable AML code
[    0.225178] ACPI: Interpreter enabled
[    0.226152] ACPI: (supports S0 S5)
[    0.227519] ACPI: Using IOAPIC for interrupt routing
[    0.228271] PCI: Using host bridge windows from ACPI; if necessary, use "pci=nocrs" and report a bug
[    0.231225] ACPI: Enabled 2 GPEs in block 00 to 07
[    0.247072] ACPI: PCI Root Bridge [PCI0] (domain 0000 [bus 00-ff])
[    0.248045] acpi PNP0A03:00: _OSC: OS supports [ASPM ClockPM Segments MSI]
[    0.252963] acpi PNP0A03:00: _OSC: not requesting OS control; OS requires [ExtendedConfig ASPM ClockPM MSI]
[    0.256067] acpi PNP0A03:00: fail to add MMCONFIG information, can't access extended PCI configuration space under this bridge.
[    0.261637] PCI host bridge to bus 0000:00
[    0.264014] pci_bus 0000:00: root bus resource [io  0x0000-0x0cf7 window]
[    0.268015] pci_bus 0000:00: root bus resource [io  0x0d00-0xffff window]
[    0.270350] pci_bus 0000:00: root bus resource [mem 0x000a0000-0x000bffff window]
[    0.272010] pci_bus 0000:00: root bus resource [mem 0x40000000-0xfdffffff window]
[    0.276007] pci_bus 0000:00: root bus resource [bus 00-ff]
[    0.285709] pci 0000:00:01.1: legacy IDE quirk: reg 0x10: [io  0x01f0-0x01f7]
[    0.288009] pci 0000:00:01.1: legacy IDE quirk: reg 0x14: [io  0x03f6]
[    0.290641] pci 0000:00:01.1: legacy IDE quirk: reg 0x18: [io  0x0170-0x0177]
[    0.292012] pci 0000:00:01.1: legacy IDE quirk: reg 0x1c: [io  0x0376]
[    0.324431] pci 0000:00:07.0: quirk: [io  0x4000-0x403f] claimed by PIIX4 ACPI
[    0.327131] pci 0000:00:07.0: quirk: [io  0x4100-0x410f] claimed by PIIX4 SMB
[    0.347551] ACPI: PCI Interrupt Link [LNKA] (IRQs 5 9 10 *11)
[    0.348357] ACPI: PCI Interrupt Link [LNKB] (IRQs 5 9 *10 11)
[    0.350097] ACPI: PCI Interrupt Link [LNKC] (IRQs 5 *9 10 11)
[    0.352175] ACPI: PCI Interrupt Link [LNKD] (IRQs 5 9 10 *11)
[    0.354176] SCSI subsystem initialized
[    0.356097] pci 0000:00:02.0: vgaarb: setting as boot VGA device
[    0.357745] pci 0000:00:02.0: vgaarb: VGA device added: decodes=io+mem,owns=io+mem,locks=none
[    0.360016] pci 0000:00:02.0: vgaarb: bridge control possible
[    0.362088] vgaarb: loaded
[    0.364077] ACPI: bus type USB registered
[    0.365374] usbcore: registered new interface driver usbfs
[    0.368146] usbcore: registered new interface driver hub
[    0.370139] usbcore: registered new device driver usb
[    0.372091] EDAC MC: Ver: 3.0.0
[    0.373509] PCI: Using ACPI for IRQ routing
[    0.373711] NetLabel: Initializing
[    0.376004] NetLabel:  domain hash size = 128
[    0.377851] NetLabel:  protocols = UNLABELED CIPSOv4 CALIPSO
[    0.380040] NetLabel:  unlabeled traffic allowed by default
[    0.381371] clocksource: Switched to clocksource kvm-clock
[    0.396909] VFS: Disk quotas dquot_6.6.0
[    0.398203] VFS: Dquot-cache hash table entries: 512 (order 0, 4096 bytes)
[    0.399822] AppArmor: AppArmor Filesystem Enabled
[    0.401067] pnp: PnP ACPI init
[    0.403224] pnp: PnP ACPI: found 3 devices
[    0.415239] clocksource: acpi_pm: mask: 0xffffff max_cycles: 0xffffff, max_idle_ns: 2085701024 ns
[    0.418494] NET: Registered protocol family 2
[    0.420098] TCP established hash table entries: 8192 (order: 4, 65536 bytes)
[    0.423612] TCP bind hash table entries: 8192 (order: 5, 131072 bytes)
[    0.425026] TCP: Hash tables configured (established 8192 bind 8192)
[    0.426368] UDP hash table entries: 512 (order: 2, 16384 bytes)
[    0.427592] UDP-Lite hash table entries: 512 (order: 2, 16384 bytes)
[    0.428962] NET: Registered protocol family 1
[    0.430060] pci 0000:00:00.0: Limiting direct PCI/PCI transfers
[    0.431695] pci 0000:00:01.0: Activating ISA DMA hang workarounds
[    0.434164] pci 0000:00:02.0: Video device with shadowed ROM at [mem 0x000c0000-0x000dffff]
[    0.437749] Unpacking initramfs...
[    0.818121] Freeing initrd memory: 19728K
[    0.819494] clocksource: tsc: mask: 0xffffffffffffffff max_cycles: 0x172daa3a18b, max_idle_ns: 440795212390 ns
[    0.822020] platform rtc_cmos: registered platform RTC device (no PNP device found)
[    0.824302] Scanning for low memory corruption every 60 seconds
[    0.826194] Initialise system trusted keyrings
[    0.827156] Key type blacklist registered
[    0.828155] workingset: timestamp_bits=36 max_order=18 bucket_order=0
[    0.831815] zbud: loaded
[    0.833752] squashfs: version 4.0 (2009/01/31) Phillip Lougher
[    0.836362] fuse init (API version 7.26)
[    0.839969] Key type asymmetric registered
[    0.841261] Asymmetric key parser 'x509' registered
[    0.842674] Block layer SCSI generic (bsg) driver version 0.4 loaded (major 246)
[    0.844374] io scheduler noop registered
[    0.845213] io scheduler deadline registered
[    0.846236] io scheduler cfq registered (default)
[    0.848318] ACPI: AC Adapter [AC] (on-line)
[    0.849558] input: Power Button as /devices/LNXSYSTM:00/LNXPWRBN:00/input/input0
[    0.852048] ACPI: Power Button [PWRF]
[    0.853311] input: Sleep Button as /devices/LNXSYSTM:00/LNXSLPBN:00/input/input1
[    0.855425] ACPI: Sleep Button [SLPF]
[    0.858135] ACPI: Battery Slot [BAT0] (battery present)
[    0.859490] Serial: 8250/16550 driver, 32 ports, IRQ sharing enabled
[    0.881995] 00:02: ttyS0 at I/O 0x3f8 (irq = 4, base_baud = 115200) is a 16550A
[    0.888803] Linux agpgart interface v0.103
[    0.893057] loop: module loaded
[    0.895433] scsi host0: ata_piix
[    0.896647] scsi host1: ata_piix
[    0.897464] ata1: PATA max UDMA/33 cmd 0x1f0 ctl 0x3f6 bmdma 0xd000 irq 14
[    0.898973] ata2: PATA max UDMA/33 cmd 0x170 ctl 0x376 bmdma 0xd008 irq 15
[    0.901280] libphy: Fixed MDIO Bus: probed
[    0.902833] tun: Universal TUN/TAP device driver, 1.6
[    0.904053] PPP generic driver version 2.4.2
[    0.905492] ehci_hcd: USB 2.0 'Enhanced' Host Controller (EHCI) Driver
[    0.906817] ehci-pci: EHCI PCI platform driver
[    0.907759] ehci-platform: EHCI generic platform driver
[    0.908874] ohci_hcd: USB 1.1 'Open' Host Controller (OHCI) Driver
[    0.910800] ohci-pci: OHCI PCI platform driver
[    0.912129] ohci-platform: OHCI generic platform driver
[    0.913312] uhci_hcd: USB Universal Host Controller Interface driver
[    0.915263] i8042: PNP: PS/2 Controller [PNP0303:PS2K,PNP0f03:PS2M] at 0x60,0x64 irq 1,12
[    0.918321] serio: i8042 KBD port at 0x60,0x64 irq 1
[    0.919489] serio: i8042 AUX port at 0x60,0x64 irq 12
[    0.921095] mousedev: PS/2 mouse device common for all mice
[    0.923652] input: AT Translated Set 2 keyboard as /devices/platform/i8042/serio0/input/input2
[    0.925634] rtc_cmos rtc_cmos: rtc core: registered rtc_cmos as rtc0
[    0.927285] rtc_cmos rtc_cmos: alarms up to one day, 114 bytes nvram
[    0.929413] i2c /dev entries driver
[    0.930872] device-mapper: uevent: version 1.0.3
[    0.932153] device-mapper: ioctl: 4.37.0-ioctl (2017-09-20) initialised: dm-devel@redhat.com
[    0.934265] ledtrig-cpu: registered to indicate activity on CPUs
[    0.937006] NET: Registered protocol family 10
[    0.942255] Segment Routing with IPv6
[    0.943304] NET: Registered protocol family 17
[    0.944494] Key type dns_resolver registered
[    0.946377] mce: Using 0 MCE banks
[    0.947158] RAS: Correctable Errors collector initialized.
[    0.948347] sched_clock: Marking stable (948318155, 0)->(1128886248, -180568093)
[    0.950608] registered taskstats version 1
[    0.951803] Loading compiled-in X.509 certificates
[    0.956119] Loaded X.509 cert 'Build time autogenerated kernel key: 244b473b43e18b01f00e37a87f2ecd28620f0244'
[    0.958350] zswap: loaded using pool lzo/zbud
[    0.964113] Key type big_key registered
[    0.965378] Key type trusted registered
[    0.968420] Key type encrypted registered
[    0.969828] AppArmor: AppArmor sha1 policy hashing enabled
[    0.971773] ima: No TPM chip found, activating TPM-bypass! (rc=-19)
[    0.973250] ima: Allocated hash algorithm: sha1
[    0.974318] evm: HMAC attrs: 0x1
[    0.975455]   Magic number: 0:118:541
[    0.976400] rtc_cmos rtc_cmos: setting system clock to 2020-04-26 16:30:55 UTC (1587918655)
[    0.978819] BIOS EDD facility v0.16 2004-Jun-25, 0 devices found
[    0.980038] EDD information not available.
[    1.065756] Freeing unused kernel image memory: 2432K
[    1.076396] Write protecting the kernel read-only data: 20480k
[    1.080615] Freeing unused kernel image memory: 2008K
[    1.083406] Freeing unused kernel image memory: 1880K
[    1.094956] x86/mm: Checked W+X mappings: passed, no W+X pages found.
[    1.098098] x86/mm: Checking user space page tables
[    1.107504] x86/mm: Checked W+X mappings: passed, no W+X pages found.
Loading, please wait...
starting version 237
[    1.193947] Fusion MPT base driver 3.04.20
[    1.194874] Copyright (c) 1999-2008 LSI Corporation
[    1.197416] e1000: Intel(R) PRO/1000 Network Driver - version 7.3.21-k8-NAPI
[    1.200055] e1000: Copyright (c) 1999-2006 Intel Corporation.
[    1.205933] Fusion MPT SPI Host driver 3.04.20
[    1.220695] AVX2 version of gcm_enc/dec engaged.
[    1.221779] AES CTR mode by8 optimization enabled
[    1.222860] mptbase: ioc0: Initiating bringup
[    1.332976] ioc0: LSI53C1030 A0: Capabilities={Initiator}
[    1.410497] input: ImExPS/2 Generic Explorer Mouse as /devices/platform/i8042/serio1/input/input4
[    1.662098] scsi host2: ioc0: LSI53C1030 A0, FwRev=00000000h, Ports=1, MaxQ=256, IRQ=20
[    1.894282] scsi 2:0:0:0: Direct-Access     VBOX     HARDDISK         1.0  PQ: 0 ANSI: 5
[    1.928043] scsi target2:0:0: Beginning Domain Validation
[    1.933250] scsi target2:0:0: Domain Validation skipping write tests
[    1.935586] scsi target2:0:0: Ending Domain Validation
[    1.949207] scsi target2:0:0: asynchronous
[    1.972284] scsi 2:0:1:0: Direct-Access     VBOX     HARDDISK         1.0  PQ: 0 ANSI: 5
[    2.215277] scsi target2:0:1: Beginning Domain Validation
[    2.219785] random: fast init done
[    2.221747] scsi target2:0:1: Domain Validation skipping write tests
[    2.223536] scsi target2:0:1: Ending Domain Validation
[    2.225305] scsi target2:0:1: asynchronous
[    2.232900] sd 2:0:0:0: Attached scsi generic sg0 type 0
[    2.235035] random: systemd-udevd: uninitialized urandom read (16 bytes read)
[    2.235133] sd 2:0:0:0: [sda] 20971520 512-byte logical blocks: (10.7 GB/10.0 GiB)
[    2.237300] random: systemd-udevd: uninitialized urandom read (16 bytes read)
[    2.239502] sd 2:0:1:0: Attached scsi generic sg1 type 0
[    2.242746] sd 2:0:0:0: [sda] Write Protect is off
[    2.244681] sd 2:0:1:0: [sdb] 20480 512-byte logical blocks: (10.5 MB/10.0 MiB)
[    2.247218] sd 2:0:1:0: [sdb] Write Protect is off
[    2.248919] sd 2:0:0:0: [sda] Incomplete mode parameter data
[    2.250713] sd 2:0:0:0: [sda] Assuming drive cache: write through
[    2.252515] sd 2:0:1:0: [sdb] Incomplete mode parameter data
[    2.252664] random: systemd-udevd: uninitialized urandom read (16 bytes read)
[    2.254225] sd 2:0:1:0: [sdb] Assuming drive cache: write through
[    2.260657]  sda: sda1
[    2.268858] sd 2:0:0:0: [sda] Attached SCSI disk
[    2.270976] sd 2:0:1:0: [sdb] Attached SCSI disk
[    2.370324] e1000 0000:00:03.0 eth0: (PCI:33MHz:32-bit) 02:ba:df:aa:bf:b5
[    2.373573] e1000 0000:00:03.0 eth0: Intel(R) PRO/1000 Network Connection
[    2.879097] e1000 0000:00:08.0 eth1: (PCI:33MHz:32-bit) 08:00:27:fe:46:6f
[    2.881470] e1000 0000:00:08.0 eth1: Intel(R) PRO/1000 Network Connection
[    2.884570] e1000 0000:00:03.0 enp0s3: renamed from eth0
[    2.906295] e1000 0000:00:08.0 enp0s8: renamed from eth1
Begin: Loading essential drivers ... [    4.416097] raid6: sse2x1   gen()  9154 MB/s
[    4.464098] raid6: sse2x1   xor()  6865 MB/s
[    4.512390] raid6: sse2x2   gen() 11695 MB/s
[    4.560164] raid6: sse2x2   xor()  7825 MB/s
[    4.608131] raid6: sse2x4   gen() 13327 MB/s
[    4.656670] raid6: sse2x4   xor()  8467 MB/s
[    4.704551] raid6: avx2x1   gen() 18322 MB/s
[    4.752074] raid6: avx2x1   xor() 11422 MB/s
[    4.800452] raid6: avx2x2   gen() 11475 MB/s
[    4.848407] raid6: avx2x2   xor()  9256 MB/s
[    4.896210] raid6: avx2x4   gen() 24365 MB/s
[    4.944369] raid6: avx2x4   xor() 17175 MB/s
[    4.946006] raid6: using algorithm avx2x4 gen() 24365 MB/s
[    4.948142] raid6: .... xor() 17175 MB/s, rmw enabled
[    4.950019] raid6: using avx2x2 recovery algorithm
[    4.953321] xor: automatically using best checksumming function   avx       
[    4.958195] async_tx: api initialized (async)
done.
Begin: Running /scripts/init-premount ... done.
Begin: Mounting root file system ... Begin: Running /scripts/local-top ... done.
Begin: Running /scripts/local-premount ... [    5.031063] Btrfs loaded, crc32c=crc32c-intel
Scanning for Btrfs filesystems
done.
Warning: fsck not present, so skipping root file system
[    5.067082] EXT4-fs (sda1): mounted filesystem with ordered data mode. Opts: (null)
done.
Begin: Running /scripts/local-bottom ... done.
Begin: Running /scripts/init-bottom ... done.
[    5.283699] ip_tables: (C) 2000-2006 Netfilter Core Team
[    5.295349] systemd[1]: systemd 237 running in system mode. (+PAM +AUDIT +SELINUX +IMA +APPARMOR +SMACK +SYSVINIT +UTMP +LIBCRYPTSETUP +GCRYPT +GNUTLS +ACL +XZ +LZ4 +SECCOMP +BLKID +ELFUTILS +KMOD -IDN2 +IDN -PCRE2 default-hierarchy=hybrid)
[    5.300625] systemd[1]: Detected virtualization oracle.
[    5.301956] systemd[1]: Detected architecture x86-64.

Welcome to [1mUbuntu 18.04.3 LTS[0m!

[    5.308773] systemd[1]: Set hostname to <ubuntu-bionic>.
[    5.669754] systemd[1]: Created slice User and Session Slice.
[[0;32m  OK  [0m] Created slice User and Session Slice.
[    5.672323] systemd[1]: Reached target Swap.
[[0;32m  OK  [0m] Reached target Swap.
[    5.674050] systemd[1]: Started Forward Password Requests to Wall Directory Watch.
[[0;32m  OK  [0m] Started Forward Password Requests to Wall Directory Watch.
[    5.677320] systemd[1]: Created slice System Slice.
[[0;32m  OK  [0m] Created slice System Slice.
[    5.693302] systemd[1]: Listening on Network Service Netlink Socket.
[[0;32m  OK  [0m] Listening on Network Service Netlink Socket.
[    5.697719] systemd[1]: Listening on Journal Audit Socket.
[[0;32m  OK  [0m] Listening on Journal Audit Socket.
[[0;32m  OK  [0m] Created slice system-serial\x2dgetty.slice.
[[0;32m  OK  [0m] Listening on Journal Socket.
         Starting Set the console keyboard layout...
         Starting Create list of required stâ€¦ce nodes for the current kernel...
         Mounting Kernel Debug File System...
         Mounting Huge Pages File System...
[[0;32m  OK  [0m] Reached target Slices.
[[0;32m  OK  [0m] Listening on /dev/initctl Compatibility Named Pipe.
         Starting Uncomplicated firewall...
[[0;32m  OK  [0m] Listening on Journal Socket (/dev/log).
[[0;32m  OK  [0m] Listening on LVM2 poll daemon socket.
         Mounting POSIX Message Queue File System...
         Starting Load Kernel Modules...
[[0;32m  OK  [0m] Listening on udev Kernel Socket.
[[0;32m  OK  [0m] Reached target System Time Synchronized.
[[0;32m  OK  [0m] Set up automount Arbitrary Executabâ€¦rmats File System Automount Point.
[[0;32m  OK  [0m] Listening on udev Control Socket.
[[0;32m  OK  [0m] Listening on Syslog Socket.
         Starting Journal Service...
[[0;32m  OK  [0m] Listening on LVM2 metadata daemon socket.
         Starting Remount Root and Kernel File Systems...
[    5.794915] Loading iSCSI transport class v2.0-870.
[[0;32m  OK  [0m] Listening on Device-mapper event daemon FIFOs.
         Starting Monitoring of LVM2 mirrorsâ€¦ng dmeventd or progress polling...
         Starting udev Coldplug all Devices...
[[0;32m  OK  [0m] Reached target User and Group Name Lookups.
[[0;32m  OK  [0m] Started Create list of required staâ€¦vice nodes for the current kernel.
[[0;32m  OK  [0m] Mounted Kernel Debug File System.
[[0;32m  OK  [0m] Mounted Huge Pages File System.
[[0;32m  OK  [0m] Started Uncomplicated firewall.
[[0;32m  OK  [0m] Mounted POSIX Message Queue File System.
         Starting Create Static Device Nodes in /dev...
[    5.848709] iscsi: registered transport (tcp)
[    5.877280] EXT4-fs (sda1): re-mounted. Opts: (null)
[[0;32m  OK  [0m] Started Remount Root and Kernel File Systems.
         Starting Load/Save Random Seed...
[[0;32m  OK  [0m] Started Journal Service.
         Starting Flush Journal to Persistent Storage...
[[0;32m  OK  [0m] Started LVM2 metadata daemon.
[[0;32m  OK  [0m] Started Create Static Device Nodes in /dev.
         Starting udev Kernel Device Manager...
[    6.016513] iscsi: registered transport (iser)
[[0;32m  OK  [0m] Started Load Kernel Modules.
         Mounting Kernel Configuration File System...
         Mounting FUSE Control File System...
         Starting Apply Kernel Variables...
[[0;32m  OK  [0m] Mounted Kernel Configuration File System.
[[0;32m  OK  [0m] Mounted FUSE Control File System.
[    6.045619] systemd-journald[410]: Received request to flush runtime journal from PID 1
[[0;32m  OK  [0m] Started Load/Save Random Seed.
[[0;32m  OK  [0m] Started udev Coldplug all Devices.
[[0;32m  OK  [0m] Started Set the console keyboard layout.
[[0;32m  OK  [0m] Started Apply Kernel Variables.
[[0;32m  OK  [0m] Started Monitoring of LVM2 mirrors,â€¦sing dmeventd or progress polling.
[[0;32m  OK  [0m] Reached target Local File Systems (Pre).
[[0;32m  OK  [0m] Reached target Local File Systems.
         Starting AppArmor initialization...
         Starting Set console font and keymap...
         Starting ebtables ruleset management...
         Starting Tell Plymouth To Write Out Runtime Data...
[[0;32m  OK  [0m] Started udev Kernel Device Manager.
[[0;32m  OK  [0m] Started Dispatch Password Requests to Console Directory Watch.
[[0;32m  OK  [0m] Reached target Local Encrypted Volumes.
[[0;32m  OK  [0m] Started Set console font and keymap.
[[0;32m  OK  [0m] Started Tell Plymouth To Write Out Runtime Data.
[[0;32m  OK  [0m] Started ebtables ruleset management.
[[0;32m  OK  [0m] Started Flush Journal to Persistent Storage.
         Starting Create Volatile Files and Directories...
[[0;32m  OK  [0m] Started Create Volatile Files and Directories.
         Starting Update UTMP about System Boot/Shutdown...
[[0;32m  OK  [0m] Started Update UTMP about System Boot/Shutdown.
[[0;32m  OK  [0m] Started AppArmor initialization.
         Starting Initial cloud-init job (pre-networking)...
[[0;32m  OK  [0m] Found device /dev/ttyS0.
[[0;32m  OK  [0m] Listening on Load/Save RF Kill Switch Status /dev/rfkill Watch.
[    8.448022] cloud-init[521]: Cloud-init v. 19.4-33-gbb4131a2-0ubuntu1~18.04.1 running 'init-local' at Sun, 26 Apr 2020 16:31:02 +0000. Up 8.14 seconds.
[[0;32m  OK  [0m] Started Initial cloud-init job (pre-networking).
[[0;32m  OK  [0m] Reached target Network (Pre).
         Starting Network Service...
[[0;32m  OK  [0m] Started Network Service.
         Starting Wait for Network to be Configured...
         Starting Network Name Resolution...
[[0;32m  OK  [0m] Started Network Name Resolution.
[[0;32m  OK  [0m] Reached target Host and Network Name Lookups.
[[0;32m  OK  [0m] Started Wait for Network to be Configured.
         Starting Initial cloud-init job (metadata service crawler)...
[   11.223927] cloud-init[718]: Cloud-init v. 19.4-33-gbb4131a2-0ubuntu1~18.04.1 running 'init' at Sun, 26 Apr 2020 16:31:05 +0000. Up 11.01 seconds.
[   11.227059] cloud-init[718]: ci-info: ++++++++++++++++++++++++++++++++++++++Net device info+++++++++++++++++++++++++++++++++++++++
[   11.229111] cloud-init[718]: ci-info: +--------+------+-----------------------------+---------------+--------+-------------------+
[   11.240480] cloud-init[718]: ci-info: | Device |  Up  |           Address           |      Mask     | Scope  |     Hw-Address    |
[   11.243155] cloud-init[718]: ci-info: +--------+------+-----------------------------+---------------+--------+-------------------+
[   11.246292] cloud-init[718]: ci-info: | enp0s3 | True |          10.0.2.15          | 255.255.255.0 | global | 02:ba:df:aa:bf:b5 |
[   11.249930] cloud-init[718]: ci-info: | enp0s3 | True |  fe80::ba:dfff:feaa:bfb5/64 |       .       |  link  | 02:ba:df:aa:bf:b5 |
[   11.252585] cloud-init[718]: ci-info: | enp0s8 | True |        192.168.33.10        | 255.255.255.0 | global | 08:00:27:fe:46:6f |
[   11.254738] cloud-init[718]: ci-info: | enp0s8 | True | fe80::a00:27ff:fefe:466f/64 |       .       |  link  | 08:00:27:fe:46:6f |
[   11.275495] cloud-init[718]: ci-info: |   lo   | True |          127.0.0.1          |   255.0.0.0   |  host  |         .         |
[   11.277777] cloud-init[718]: ci-info: |   lo   | True |           ::1/128           |       .       |  host  |         .         |
[   11.280060] cloud-init[718]: ci-info: +--------+------+-----------------------------+---------------+--------+-------------------+
[   11.292506] cloud-init[718]: ci-info: +++++++++++++++++++++++++++++Route IPv4 info+++++++++++++++++++++++++++++
[   11.294377] cloud-init[718]: ci-info: +-------+--------------+----------+-----------------+-----------+-------+
[   11.296371] cloud-init[718]: ci-info: | Route | Destination  | Gateway  |     Genmask     | Interface | Flags |
[   11.298359] cloud-init[718]: ci-info: +-------+--------------+----------+-----------------+-----------+-------+
[   11.300181] cloud-init[718]: ci-info: |   0   |   0.0.0.0    | 10.0.2.2 |     0.0.0.0     |   enp0s3  |   UG  |
[   11.301947] cloud-init[718]: ci-info: |   1   |   10.0.2.0   | 0.0.0.0  |  255.255.255.0  |   enp0s3  |   U   |
[   11.304157] cloud-init[718]: ci-info: |   2   |   10.0.2.2   | 0.0.0.0  | 255.255.255.255 |   enp0s3  |   UH  |
[   11.305835] cloud-init[718]: ci-info: |   3   | 192.168.33.0 | 0.0.0.0  |  255.255.255.0  |   enp0s8  |   U   |
[   11.307442] cloud-init[718]: ci-info: +-------+--------------+----------+-----------------+-----------+-------+
[   11.309478] cloud-init[718]: ci-info: +++++++++++++++++++Route IPv6 info+++++++++++++++++++
[   11.310982] cloud-init[718]: ci-info: +-------+-------------+---------+-----------+-------+
[   11.313286] cloud-init[718]: ci-info: | Route | Destination | Gateway | Interface | Flags |
[   11.315093] cloud-init[718]: ci-info: +-------+-------------+---------+-----------+-------+
[   11.316586] cloud-init[718]: ci-info: |   1   |  fe80::/64  |    ::   |   enp0s8  |   U   |
[   11.328557] cloud-init[718]: ci-info: |   2   |  fe80::/64  |    ::   |   enp0s3  |   U   |
[   11.330768] cloud-init[718]: ci-info: |   4   |    local    |    ::   |   enp0s3  |   U   |
[   11.332272] cloud-init[718]: ci-info: |   5   |    local    |    ::   |   enp0s8  |   U   |
[   11.333490] cloud-init[718]: ci-info: |   6   |   ff00::/8  |    ::   |   enp0s8  |   U   |
[   11.334802] cloud-init[718]: ci-info: |   7   |   ff00::/8  |    ::   |   enp0s3  |   U   |
[   11.336184] cloud-init[718]: ci-info: +-------+-------------+---------+-----------+-------+
[[0;32m  OK  [0m] Started Initial cloud-init job (metadata service crawler).
[[0;32m  OK  [0m] Reached target Cloud-config availability.
[[0;32m  OK  [0m] Reached target System Initialization.
         Starting LXD - unix socket.
         Starting Socket activation for snappy daemon.
[[0;32m  OK  [0m] Started Discard unused blocks once a week.
[[0;32m  OK  [0m] Listening on Avahi mDNS/DNS-SD Stack Activation Socket.
[[0;32m  OK  [0m] Listening on UUID daemon activation socket.
[[0;32m  OK  [0m] Started ACPI Events Check.
[[0;32m  OK  [0m] Reached target Paths.
[[0;32m  OK  [0m] Listening on D-Bus System Message Bus Socket.
[[0;32m  OK  [0m] Listening on ACPID Listen Socket.
[[0;32m  OK  [0m] Listening on Open-iSCSI iscsid Socket.
[[0;32m  OK  [0m] Started Daily apt download activities.
[[0;32m  OK  [0m] Started Daily apt upgrade and clean activities.
[[0;32m  OK  [0m] Started Daily Cleanup of Temporary Directories.
[[0;32m  OK  [0m] Started Message of the Day.
[[0;32m  OK  [0m] Reached target Timers.
[[0;32m  OK  [0m] Listening on LXD - unix socket.
[[0;32m  OK  [0m] Listening on Socket activation for snappy daemon.
[[0;32m  OK  [0m] Reached target Sockets.
[[0;32m  OK  [0m] Reached target Basic System.
[[0;32m  OK  [0m] Started Regular background program processing daemon.
[[0;32m  OK  [0m] Started irqbalance daemon.
         Starting System Logging Service...
         Starting Accounts Service...
         Starting Dispatcher daemon for systemd-networkd...
         Starting Avahi mDNS/DNS-SD Stack...
[[0;32m  OK  [0m] Started D-Bus System Message Bus.
         Starting Snappy daemon...
         Starting LSB: Record successful boot for GRUB...
         Starting vboxadd.service...
         Starting Modem Manager...
         Starting LXD - container startup/shutdown...
[[0;32m  OK  [0m] Started Deferred execution scheduler.
         Starting WPA supplicant...
         Starting Login Service...
[[0;32m  OK  [0m] Started FUSE filesystem for LXC.
[[0;32m  OK  [0m] Started System Logging Service.
[[0;32m  OK  [0m] Started Avahi mDNS/DNS-SD Stack.
[[0;32m  OK  [0m] Started WPA supplicant.
[[0;32m  OK  [0m] Reached target Network.
[[0;32m  OK  [0m] Reached target Network is Online.
         Starting OpenBSD Secure Shell server...
         Starting Availability of block devices...
[[0;32m  OK  [0m] Reached target Remote File Systems (Pre).
[[0;32m  OK  [0m] Reached target Remote File Systems.
         Starting LSB: automatic crash report generation...
         Starting Permit User Sessions...
[[0;32m  OK  [0m] Started Login Service.
[[0;32m  OK  [0m] Started Unattended Upgrades Shutdown.
         Starting Authorization Manager...
[[0;32m  OK  [0m] Started LSB: Record successful boot for GRUB.
[[0;32m  OK  [0m] Started Availability of block devices.
[[0;32m  OK  [0m] Started Permit User Sessions.
         Starting Terminate Plymouth Boot Screen...
         Starting Hold until boot process finishes up...
[[0;32m  OK  [0m] Started Terminate Plymouth Boot Screen.
[[0;32m  OK  [0m] Started Hold until boot process finishes up.
[[0;32m  OK  [0m] Started Serial Getty on ttyS0.
         Starting Set console scheme...
[[0;32m  OK  [0m] Started Set console scheme.
[[0;32m  OK  [0m] Created slice system-getty.slice.
[[0;32m  OK  [0m] Started Getty on tty1.
[[0;32m  OK  [0m] Reached target Login Prompts.
[[0;32m  OK  [0m] Started Authorization Manager.
[[0;32m  OK  [0m] Started Accounts Service.
[[0;32m  OK  [0m] Started LXD - container startup/shutdown.
[[0;32m  OK  [0m] Started OpenBSD Secure Shell server.
[[0;32m  OK  [0m] Started Dispatcher daemon for systemd-networkd.
[[0;32m  OK  [0m] Started LSB: automatic crash report generation.
[[0;32m  OK  [0m] Started Modem Manager.
[[0;32m  OK  [0m] Created slice User Slice of vagrant.
         Starting User Manager for UID 1000...
[[0;32m  OK  [0m] Started Session 1 of user vagrant.
[[0;32m  OK  [0m] Started Snappy daemon.
         Starting Wait until snapd is fully seeded...
[[0;32m  OK  [0m] Started User Manager for UID 1000.
[[0;32m  OK  [0m] Started Wait until snapd is fully seeded.
         Starting Apply the settings specified in cloud-config...
[   14.851571] cloud-init[1066]: Cloud-init v. 19.4-33-gbb4131a2-0ubuntu1~18.04.1 running 'modules:config' at Sun, 26 Apr 2020 16:31:08 +0000. Up 14.42 seconds.
[[0;32m  OK  [0m] Started Apply the settings specified in cloud-config.
[[0;32m  OK  [0m] Started vboxadd.service.
         Starting vboxadd-service.service...
[[0;32m  OK  [0m] Started vboxadd-service.service.
[[0;32m  OK  [0m] Reached target Multi-User System.
         Starting Execute cloud user/final scripts...
[[0;32m  OK  [0m] Reached target Graphical Interface.
         Starting Update UTMP about System Runlevel Changes...
[[0;32m  OK  [0m] Started Update UTMP about System Runlevel Changes.
[   16.871641] cloud-init[1212]: Cloud-init v. 19.4-33-gbb4131a2-0ubuntu1~18.04.1 running 'modules:final' at Sun, 26 Apr 2020 16:31:11 +0000. Up 16.56 seconds.
[   16.903973] cloud-init[1212]: Cloud-init v. 19.4-33-gbb4131a2-0ubuntu1~18.04.1 finished at Sun, 26 Apr 2020 16:31:11 +0000. Datasource DataSourceNoCloud [seed=/dev/sdb][dsmode=net].  Up 16.75 seconds
[[0;32m  OK  [0m] Started Execute cloud user/final scripts.
[[0;32m  OK  [0m] Reached target Cloud-init target.

Ubuntu 18.04.3 LTS ubuntu-bionic ttyS0

ubuntu-bionic login: 