[    0.000000] Linux version 4.15.0-96-generic (buildd@lgw01-amd64-004) (gcc version 7.5.0 (Ubuntu 7.5.0-3ubuntu1~18.04)) #97-Ubuntu SMP Wed Apr 1 03:25:46 UTC 2020 (Ubuntu 4.15.0-96.97-generic 4.15.18)
[    0.000000] Command line: BOOT_IMAGE=/boot/vmlinuz-4.15.0-96-generic root=UUID=8dedfe6d-fd80-4a92-9a79-ebdffc91753f ro console=tty1 console=ttyS0
[    0.000000] KERNEL supported cpus:
[    0.000000]   Intel GenuineIntel
[    0.000000]   AMD AuthenticAMD
[    0.000000]   Centaur CentaurHauls
[    0.000000] x86/fpu: Supporting XSAVE feature 0x001: 'x87 floating point registers'
[    0.000000] x86/fpu: Supporting XSAVE feature 0x002: 'SSE registers'
[    0.000000] x86/fpu: Supporting XSAVE feature 0x004: 'AVX registers'
[    0.000000] x86/fpu: xstate_offset[2]:  576, xstate_sizes[2]:  256
[    0.000000] x86/fpu: Enabled xstate features 0x7, context size is 832 bytes, using 'standard' format.
[    0.000000] e820: BIOS-provided physical RAM map:
[    0.000000] BIOS-e820: [mem 0x0000000000000000-0x000000000009fbff] usable
[    0.000000] BIOS-e820: [mem 0x000000000009fc00-0x000000000009ffff] reserved
[    0.000000] BIOS-e820: [mem 0x00000000000f0000-0x00000000000fffff] reserved
[    0.000000] BIOS-e820: [mem 0x0000000000100000-0x000000003ffeffff] usable
[    0.000000] BIOS-e820: [mem 0x000000003fff0000-0x000000003fffffff] ACPI data
[    0.000000] BIOS-e820: [mem 0x00000000fec00000-0x00000000fec00fff] reserved
[    0.000000] BIOS-e820: [mem 0x00000000fee00000-0x00000000fee00fff] reserved
[    0.000000] BIOS-e820: [mem 0x00000000fffc0000-0x00000000ffffffff] reserved
[    0.000000] NX (Execute Disable) protection: active
[    0.000000] SMBIOS 2.5 present.
[    0.000000] DMI: innotek GmbH VirtualBox/VirtualBox, BIOS VirtualBox 12/01/2006
[    0.000000] Hypervisor detected: KVM
[    0.000000] e820: last_pfn = 0x3fff0 max_arch_pfn = 0x400000000
[    0.000000] MTRR: Disabled
[    0.000000] x86/PAT: MTRRs disabled, skipping PAT initialization too.
[    0.000000] CPU MTRRs all blank - virtualized system.
[    0.000000] x86/PAT: Configuration [0-7]: WB  WT  UC- UC  WB  WT  UC- UC  
[    0.000000] found SMP MP-table at [mem 0x0009fff0-0x0009ffff]
[    0.000000] Scanning 1 areas for low memory corruption
[    0.000000] RAMDISK: [mem 0x35967000-0x36caafff]
[    0.000000] ACPI: Early table checksum verification disabled
[    0.000000] ACPI: RSDP 0x00000000000E0000 000024 (v02 VBOX  )
[    0.000000] ACPI: XSDT 0x000000003FFF0030 00003C (v01 VBOX   VBOXXSDT 00000001 ASL  00000061)
[    0.000000] ACPI: FACP 0x000000003FFF00F0 0000F4 (v04 VBOX   VBOXFACP 00000001 ASL  00000061)
[    0.000000] ACPI: DSDT 0x000000003FFF0470 0022EA (v02 VBOX   VBOXBIOS 00000002 INTL 20100528)
[    0.000000] ACPI: FACS 0x000000003FFF0200 000040
[    0.000000] ACPI: FACS 0x000000003FFF0200 000040
[    0.000000] ACPI: APIC 0x000000003FFF0240 00005C (v02 VBOX   VBOXAPIC 00000001 ASL  00000061)
[    0.000000] ACPI: SSDT 0x000000003FFF02A0 0001CC (v01 VBOX   VBOXCPUT 00000002 INTL 20100528)
[    0.000000] No NUMA configuration found
[    0.000000] Faking a node at [mem 0x0000000000000000-0x000000003ffeffff]
[    0.000000] NODE_DATA(0) allocated [mem 0x3ffc5000-0x3ffeffff]
[    0.000000] kvm-clock: cpu 0, msr 0:3ff44001, primary cpu clock
[    0.000000] kvm-clock: Using msrs 4b564d01 and 4b564d00
[    0.000000] kvm-clock: using sched offset of 6221497251 cycles
[    0.000000] clocksource: kvm-clock: mask: 0xffffffffffffffff max_cycles: 0x1cd42e4dffb, max_idle_ns: 881590591483 ns
[    0.000000] Zone ranges:
[    0.000000]   DMA      [mem 0x0000000000001000-0x0000000000ffffff]
[    0.000000]   DMA32    [mem 0x0000000001000000-0x000000003ffeffff]
[    0.000000]   Normal   empty
[    0.000000]   Device   empty
[    0.000000] Movable zone start for each node
[    0.000000] Early memory node ranges
[    0.000000]   node   0: [mem 0x0000000000001000-0x000000000009efff]
[    0.000000]   node   0: [mem 0x0000000000100000-0x000000003ffeffff]
[    0.000000] Reserved but unavailable: 98 pages
[    0.000000] Initmem setup node 0 [mem 0x0000000000001000-0x000000003ffeffff]
[    0.000000] ACPI: PM-Timer IO Port: 0x4008
[    0.000000] IOAPIC[0]: apic_id 2, version 32, address 0xfec00000, GSI 0-23
[    0.000000] ACPI: INT_SRC_OVR (bus 0 bus_irq 0 global_irq 2 dfl dfl)
[    0.000000] ACPI: INT_SRC_OVR (bus 0 bus_irq 9 global_irq 9 low level)
[    0.000000] Using ACPI (MADT) for SMP configuration information
[    0.000000] smpboot: Allowing 2 CPUs, 0 hotplug CPUs
[    0.000000] PM: Registered nosave memory: [mem 0x00000000-0x00000fff]
[    0.000000] PM: Registered nosave memory: [mem 0x0009f000-0x0009ffff]
[    0.000000] PM: Registered nosave memory: [mem 0x000a0000-0x000effff]
[    0.000000] PM: Registered nosave memory: [mem 0x000f0000-0x000fffff]
[    0.000000] e820: [mem 0x40000000-0xfebfffff] available for PCI devices
[    0.000000] Booting paravirtualized kernel on KVM
[    0.000000] clocksource: refined-jiffies: mask: 0xffffffff max_cycles: 0xffffffff, max_idle_ns: 7645519600211568 ns
[    0.000000] random: get_random_bytes called from start_kernel+0x99/0x4fd with crng_init=0
[    0.000000] setup_percpu: NR_CPUS:8192 nr_cpumask_bits:2 nr_cpu_ids:2 nr_node_ids:1
[    0.000000] percpu: Embedded 45 pages/cpu s147456 r8192 d28672 u1048576
[    0.000000] PV qspinlock hash table entries: 256 (order: 0, 4096 bytes)
[    0.000000] Built 1 zonelists, mobility grouping on.  Total pages: 257913
[    0.000000] Policy zone: DMA32
[    0.000000] Kernel command line: BOOT_IMAGE=/boot/vmlinuz-4.15.0-96-generic root=UUID=8dedfe6d-fd80-4a92-9a79-ebdffc91753f ro console=tty1 console=ttyS0
[    0.000000] Memory: 982540K/1048120K available (12300K kernel code, 2481K rwdata, 4264K rodata, 2432K init, 2712K bss, 65580K reserved, 0K cma-reserved)
[    0.000000] SLUB: HWalign=64, Order=0-3, MinObjects=0, CPUs=2, Nodes=1
[    0.000000] Kernel/User page tables isolation: enabled
[    0.000000] ftrace: allocating 39351 entries in 154 pages
[    0.004000] Hierarchical RCU implementation.
[    0.004000] 	RCU restricting CPUs from NR_CPUS=8192 to nr_cpu_ids=2.
[    0.004000] 	Tasks RCU enabled.
[    0.004000] RCU: Adjusting geometry for rcu_fanout_leaf=16, nr_cpu_ids=2
[    0.004000] NR_IRQS: 524544, nr_irqs: 440, preallocated irqs: 16
[    0.004000] Console: colour VGA+ 80x25
[    0.004000] console [tty1] enabled
[    0.004000] console [ttyS0] enabled
[    0.004000] ACPI: Core revision 20170831
[    0.004000] ACPI: 2 ACPI AML tables successfully acquired and loaded
[    0.004000] APIC: Switch to symmetric I/O mode setup
[    0.004000] x2apic enabled
[    0.004000] Switched APIC routing to physical x2apic.
[    0.005062] ..TIMER: vector=0x30 apic1=0 pin1=2 apic2=-1 pin2=-1
[    0.008007] tsc: Detected 1607.999 MHz processor
[    0.012013] Calibrating delay loop (skipped) preset value.. 3215.99 BogoMIPS (lpj=6431996)
[    0.016003] pid_max: default: 32768 minimum: 301
[    0.017069] Security Framework initialized
[    0.018384] Yama: becoming mindful.
[    0.019177] AppArmor: AppArmor initialized
[    0.021857] Dentry cache hash table entries: 131072 (order: 8, 1048576 bytes)
[    0.024068] Inode-cache hash table entries: 65536 (order: 7, 524288 bytes)
[    0.026359] Mount-cache hash table entries: 2048 (order: 2, 16384 bytes)
[    0.028016] Mountpoint-cache hash table entries: 2048 (order: 2, 16384 bytes)
[    0.032268] Last level iTLB entries: 4KB 64, 2MB 8, 4MB 8
[    0.033414] Last level dTLB entries: 4KB 64, 2MB 0, 4MB 0, 1GB 4
[    0.034693] Spectre V1 : Mitigation: usercopy/swapgs barriers and __user pointer sanitization
[    0.036007] Spectre V2 : Mitigation: Full generic retpoline
[    0.037180] Spectre V2 : Spectre v2 / SpectreRSB mitigation: Filling RSB on context switch
[    0.040002] Speculative Store Bypass: Vulnerable
[    0.041077] MDS: Mitigation: Clear CPU buffers
[    0.042216] Freeing SMP alternatives memory: 36K
[    0.155546] smpboot: CPU0: Intel(R) Core(TM) i5-8210Y CPU @ 1.60GHz (family: 0x6, model: 0x8e, stepping: 0x9)
[    0.156103] Performance Events: unsupported p6 CPU model 142 no PMU driver, software events only.
[    0.160057] Hierarchical SRCU implementation.
[    0.164718] NMI watchdog: Perf event create on CPU 0 failed with -2
[    0.168014] NMI watchdog: Perf NMI watchdog permanently disabled
[    0.170118] smp: Bringing up secondary CPUs ...
[    0.172131] x86: Booting SMP configuration:
[    0.176004] .... node  #0, CPUs:      #1
[    0.004000] kvm-clock: cpu 1, msr 0:3ff44041, secondary cpu clock
[    0.184085] smp: Brought up 1 node, 2 CPUs
[    0.185349] smpboot: Max logical packages: 1
[    0.186782] smpboot: Total of 2 processors activated (6431.99 BogoMIPS)
[    0.188170] devtmpfs: initialized
[    0.192059] x86/mm: Memory block size: 128MB
[    0.193626] evm: security.selinux
[    0.196008] evm: security.SMACK64
[    0.199393] evm: security.SMACK64EXEC
[    0.200007] evm: security.SMACK64TRANSMUTE
[    0.201404] evm: security.SMACK64MMAP
[    0.202656] evm: security.apparmor
[    0.204007] evm: security.ima
[    0.205090] evm: security.capability
[    0.208188] clocksource: jiffies: mask: 0xffffffff max_cycles: 0xffffffff, max_idle_ns: 7645041785100000 ns
[    0.212025] futex hash table entries: 512 (order: 3, 32768 bytes)
[    0.218265] pinctrl core: initialized pinctrl subsystem
[    0.220208] RTC time: 23:54:49, date: 04/20/20
[    0.224183] NET: Registered protocol family 16
[    0.225823] audit: initializing netlink subsys (disabled)
[    0.228102] audit: type=2000 audit(1587426897.076:1): state=initialized audit_enabled=0 res=1
[    0.232008] cpuidle: using governor ladder
[    0.236015] cpuidle: using governor menu
[    0.240082] ACPI: bus type PCI registered
[    0.244010] acpiphp: ACPI Hot Plug PCI Controller Driver version: 0.5
[    0.249118] PCI: Using configuration type 1 for base access
[    0.257477] HugeTLB registered 2.00 MiB page size, pre-allocated 0 pages
[    0.260141] ACPI: Added _OSI(Module Device)
[    0.268028] ACPI: Added _OSI(Processor Device)
[    0.272012] ACPI: Added _OSI(3.0 _SCP Extensions)
[    0.276011] ACPI: Added _OSI(Processor Aggregator Device)
[    0.280037] ACPI: Added _OSI(Linux-Dell-Video)
[    0.288061] ACPI: Added _OSI(Linux-Lenovo-NV-HDMI-Audio)
[    0.292014] ACPI: Added _OSI(Linux-HPI-Hybrid-Graphics)
[    0.300032] ACPI: Executed 1 blocks of module-level executable AML code
[    0.314678] ACPI: Interpreter enabled
[    0.316037] ACPI: (supports S0 S5)
[    0.320009] ACPI: Using IOAPIC for interrupt routing
[    0.324715] PCI: Using host bridge windows from ACPI; if necessary, use "pci=nocrs" and report a bug
[    0.328991] ACPI: Enabled 2 GPEs in block 00 to 07
[    0.365713] ACPI: PCI Root Bridge [PCI0] (domain 0000 [bus 00-ff])
[    0.368026] acpi PNP0A03:00: _OSC: OS supports [ASPM ClockPM Segments MSI]
[    0.376187] acpi PNP0A03:00: _OSC: not requesting OS control; OS requires [ExtendedConfig ASPM ClockPM MSI]
[    0.380034] acpi PNP0A03:00: fail to add MMCONFIG information, can't access extended PCI configuration space under this bridge.
[    0.390782] PCI host bridge to bus 0000:00
[    0.392014] pci_bus 0000:00: root bus resource [io  0x0000-0x0cf7 window]
[    0.395166] pci_bus 0000:00: root bus resource [io  0x0d00-0xffff window]
[    0.396016] pci_bus 0000:00: root bus resource [mem 0x000a0000-0x000bffff window]
[    0.400014] pci_bus 0000:00: root bus resource [mem 0x40000000-0xfdffffff window]
[    0.404013] pci_bus 0000:00: root bus resource [bus 00-ff]
[    0.420112] pci 0000:00:01.1: legacy IDE quirk: reg 0x10: [io  0x01f0-0x01f7]
[    0.424227] pci 0000:00:01.1: legacy IDE quirk: reg 0x14: [io  0x03f6]
[    0.428012] pci 0000:00:01.1: legacy IDE quirk: reg 0x18: [io  0x0170-0x0177]
[    0.432013] pci 0000:00:01.1: legacy IDE quirk: reg 0x1c: [io  0x0376]
[    0.475990] pci 0000:00:07.0: quirk: [io  0x4000-0x403f] claimed by PIIX4 ACPI
[    0.476030] pci 0000:00:07.0: quirk: [io  0x4100-0x410f] claimed by PIIX4 SMB
[    0.492759] ACPI: PCI Interrupt Link [LNKA] (IRQs 5 9 10 *11)
[    0.494727] ACPI: PCI Interrupt Link [LNKB] (IRQs 5 9 *10 11)
[    0.496000] ACPI: PCI Interrupt Link [LNKC] (IRQs 5 *9 10 11)
[    0.496178] ACPI: PCI Interrupt Link [LNKD] (IRQs 5 9 10 *11)
[    0.500411] SCSI subsystem initialized
[    0.501290] pci 0000:00:02.0: vgaarb: setting as boot VGA device
[    0.501944] pci 0000:00:02.0: vgaarb: VGA device added: decodes=io+mem,owns=io+mem,locks=none
[    0.504011] pci 0000:00:02.0: vgaarb: bridge control possible
[    0.508002] vgaarb: loaded
[    0.508846] ACPI: bus type USB registered
[    0.509738] usbcore: registered new interface driver usbfs
[    0.510896] usbcore: registered new interface driver hub
[    0.512026] usbcore: registered new device driver usb
[    0.516092] EDAC MC: Ver: 3.0.0
[    0.517079] PCI: Using ACPI for IRQ routing
[    0.520428] NetLabel: Initializing
[    0.522675] NetLabel:  domain hash size = 128
[    0.524005] NetLabel:  protocols = UNLABELED CIPSOv4 CALIPSO
[    0.525724] NetLabel:  unlabeled traffic allowed by default
[    0.526944] clocksource: Switched to clocksource kvm-clock
[    0.563357] VFS: Disk quotas dquot_6.6.0
[    0.612156] VFS: Dquot-cache hash table entries: 512 (order 0, 4096 bytes)
[    0.644900] AppArmor: AppArmor Filesystem Enabled
[    0.653725] pnp: PnP ACPI init
[    0.686041] pnp: PnP ACPI: found 3 devices
[    0.720216] clocksource: acpi_pm: mask: 0xffffff max_cycles: 0xffffff, max_idle_ns: 2085701024 ns
[    0.730221] NET: Registered protocol family 2
[    0.733881] TCP established hash table entries: 8192 (order: 4, 65536 bytes)
[    0.747125] TCP bind hash table entries: 8192 (order: 5, 131072 bytes)
[    0.755286] TCP: Hash tables configured (established 8192 bind 8192)
[    0.774782] UDP hash table entries: 512 (order: 2, 16384 bytes)
[    0.779837] UDP-Lite hash table entries: 512 (order: 2, 16384 bytes)
[    0.796358] NET: Registered protocol family 1
[    0.815131] pci 0000:00:00.0: Limiting direct PCI/PCI transfers
[    0.825614] pci 0000:00:01.0: Activating ISA DMA hang workarounds
[    0.838667] pci 0000:00:02.0: Video device with shadowed ROM at [mem 0x000c0000-0x000dffff]
[    0.859420] Unpacking initramfs...
[    1.621482] Freeing initrd memory: 19728K
[    1.623177] clocksource: tsc: mask: 0xffffffffffffffff max_cycles: 0x172da94f0e2, max_idle_ns: 440795278248 ns
[    1.626515] platform rtc_cmos: registered platform RTC device (no PNP device found)
[    1.629787] Scanning for low memory corruption every 60 seconds
[    1.635135] Initialise system trusted keyrings
[    1.636794] Key type blacklist registered
[    1.638456] workingset: timestamp_bits=36 max_order=18 bucket_order=0
[    1.641014] zbud: loaded
[    1.642246] squashfs: version 4.0 (2009/01/31) Phillip Lougher
[    1.644278] fuse init (API version 7.26)
[    1.650075] Key type asymmetric registered
[    1.651747] Asymmetric key parser 'x509' registered
[    1.653629] Block layer SCSI generic (bsg) driver version 0.4 loaded (major 246)
[    1.655569] io scheduler noop registered
[    1.656840] io scheduler deadline registered
[    1.657879] io scheduler cfq registered (default)
[    1.659551] ACPI: AC Adapter [AC] (on-line)
[    1.661160] input: Power Button as /devices/LNXSYSTM:00/LNXPWRBN:00/input/input0
[    1.663542] ACPI: Power Button [PWRF]
[    1.664962] input: Sleep Button as /devices/LNXSYSTM:00/LNXSLPBN:00/input/input1
[    1.670032] ACPI: Sleep Button [SLPF]
[    1.671829] Serial: 8250/16550 driver, 32 ports, IRQ sharing enabled
[    1.673869] ACPI: Battery Slot [BAT0] (battery present)
[    1.696811] 00:02: ttyS0 at I/O 0x3f8 (irq = 4, base_baud = 115200) is a 16550A
[    1.701576] Linux agpgart interface v0.103
[    1.706460] loop: module loaded
[    1.708393] scsi host0: ata_piix
[    1.709797] scsi host1: ata_piix
[    1.710637] ata1: PATA max UDMA/33 cmd 0x1f0 ctl 0x3f6 bmdma 0xd000 irq 14
[    1.712705] ata2: PATA max UDMA/33 cmd 0x170 ctl 0x376 bmdma 0xd008 irq 15
[    1.715533] libphy: Fixed MDIO Bus: probed
[    1.717762] tun: Universal TUN/TAP device driver, 1.6
[    1.719464] PPP generic driver version 2.4.2
[    1.720880] ehci_hcd: USB 2.0 'Enhanced' Host Controller (EHCI) Driver
[    1.722822] ehci-pci: EHCI PCI platform driver
[    1.723889] ehci-platform: EHCI generic platform driver
[    1.725513] ohci_hcd: USB 1.1 'Open' Host Controller (OHCI) Driver
[    1.726826] ohci-pci: OHCI PCI platform driver
[    1.727931] ohci-platform: OHCI generic platform driver
[    1.729679] uhci_hcd: USB Universal Host Controller Interface driver
[    1.732623] i8042: PNP: PS/2 Controller [PNP0303:PS2K,PNP0f03:PS2M] at 0x60,0x64 irq 1,12
[    1.735682] serio: i8042 KBD port at 0x60,0x64 irq 1
[    1.737459] serio: i8042 AUX port at 0x60,0x64 irq 12
[    1.738998] mousedev: PS/2 mouse device common for all mice
[    1.740507] input: AT Translated Set 2 keyboard as /devices/platform/i8042/serio0/input/input2
[    1.743183] rtc_cmos rtc_cmos: rtc core: registered rtc_cmos as rtc0
[    1.744885] rtc_cmos rtc_cmos: alarms up to one day, 114 bytes nvram
[    1.746939] i2c /dev entries driver
[    1.748729] device-mapper: uevent: version 1.0.3
[    1.750608] device-mapper: ioctl: 4.37.0-ioctl (2017-09-20) initialised: dm-devel@redhat.com
[    1.753888] ledtrig-cpu: registered to indicate activity on CPUs
[    1.755655] NET: Registered protocol family 10
[    1.760498] Segment Routing with IPv6
[    1.762075] NET: Registered protocol family 17
[    1.764337] Key type dns_resolver registered
[    1.766160] mce: Using 0 MCE banks
[    1.767439] RAS: Correctable Errors collector initialized.
[    1.769351] sched_clock: Marking stable (1769288262, 0)->(2326178613, -556890351)
[    1.772217] registered taskstats version 1
[    1.773243] Loading compiled-in X.509 certificates
[    1.776778] Loaded X.509 cert 'Build time autogenerated kernel key: 244b473b43e18b01f00e37a87f2ecd28620f0244'
[    1.780300] zswap: loaded using pool lzo/zbud
[    1.787451] Key type big_key registered
[    1.788821] Key type trusted registered
[    1.791862] Key type encrypted registered
[    1.793592] AppArmor: AppArmor sha1 policy hashing enabled
[    1.795078] ima: No TPM chip found, activating TPM-bypass! (rc=-19)
[    1.798652] ima: Allocated hash algorithm: sha1
[    1.800515] evm: HMAC attrs: 0x1
[    1.802301]   Magic number: 0:822:959
[    1.803632] rtc_cmos rtc_cmos: setting system clock to 2020-04-20 23:54:51 UTC (1587426891)
[    1.806201] BIOS EDD facility v0.16 2004-Jun-25, 0 devices found
[    1.807872] EDD information not available.
[    1.887199] Freeing unused kernel image memory: 2432K
[    1.900424] Write protecting the kernel read-only data: 20480k
[    1.904121] Freeing unused kernel image memory: 2008K
[    1.906799] Freeing unused kernel image memory: 1880K
[    1.918940] x86/mm: Checked W+X mappings: passed, no W+X pages found.
[    1.921118] x86/mm: Checking user space page tables
[    1.930782] x86/mm: Checked W+X mappings: passed, no W+X pages found.
Loading, please wait...
starting version 237
[    2.018471] e1000: Intel(R) PRO/1000 Network Driver - version 7.3.21-k8-NAPI
[    2.020069] e1000: Copyright (c) 1999-2006 Intel Corporation.
[    2.035309] Fusion MPT base driver 3.04.20
[    2.036443] Copyright (c) 1999-2008 LSI Corporation
[    2.055745] Fusion MPT SPI Host driver 3.04.20
[    2.063315] AVX2 version of gcm_enc/dec engaged.
[    2.064706] AES CTR mode by8 optimization enabled
[    2.245780] input: ImExPS/2 Generic Explorer Mouse as /devices/platform/i8042/serio1/input/input4
[    2.754937] e1000 0000:00:03.0 eth0: (PCI:33MHz:32-bit) 02:ba:df:aa:bf:b5
[    2.762792] e1000 0000:00:03.0 eth0: Intel(R) PRO/1000 Network Connection
[    2.770583] mptbase: ioc0: Initiating bringup
[    2.875725] ioc0: LSI53C1030 A0: Capabilities={Initiator}
[    3.140262] scsi host2: ioc0: LSI53C1030 A0, FwRev=00000000h, Ports=1, MaxQ=256, IRQ=20
[    3.310923] scsi 2:0:0:0: Direct-Access     VBOX     HARDDISK         1.0  PQ: 0 ANSI: 5
[    3.356161] scsi target2:0:0: Beginning Domain Validation
[    3.359840] scsi target2:0:0: Domain Validation skipping write tests
[    3.361819] scsi target2:0:0: Ending Domain Validation
[    3.363561] scsi target2:0:0: asynchronous
[    3.365590] scsi 2:0:1:0: Direct-Access     VBOX     HARDDISK         1.0  PQ: 0 ANSI: 5
[    3.726782] scsi target2:0:1: Beginning Domain Validation
[    3.754172] random: fast init done
[    3.756427] scsi target2:0:1: Domain Validation skipping write tests
[    3.760639] scsi target2:0:1: Ending Domain Validation
[    3.762632] scsi target2:0:1: asynchronous
[    3.789804] sd 2:0:0:0: Attached scsi generic sg0 type 0
[    3.791455] sd 2:0:0:0: [sda] 20971520 512-byte logical blocks: (10.7 GB/10.0 GiB)
[    3.791882] sd 2:0:1:0: Attached scsi generic sg1 type 0
[    3.796792] sd 2:0:1:0: [sdb] 20480 512-byte logical blocks: (10.5 MB/10.0 MiB)
[    3.798445] e1000 0000:00:08.0 eth1: (PCI:33MHz:32-bit) 08:00:27:fe:46:6f
[    3.805598] random: systemd-udevd: uninitialized urandom read (16 bytes read)
[    3.805619] random: systemd-udevd: uninitialized urandom read (16 bytes read)
[    3.805623] random: systemd-udevd: uninitialized urandom read (16 bytes read)
[    3.806477] sd 2:0:0:0: [sda] Write Protect is off
[    3.809177] e1000 0000:00:08.0 eth1: Intel(R) PRO/1000 Network Connection
[    3.813868] sd 2:0:1:0: [sdb] Write Protect is off
[    3.814676] sd 2:0:1:0: [sdb] Incomplete mode parameter data
[    3.829060] sd 2:0:0:0: [sda] Incomplete mode parameter data
[    3.836723] sd 2:0:1:0: [sdb] Assuming drive cache: write through
[    3.965254] sd 2:0:0:0: [sda] Assuming drive cache: write through
[    3.982572] e1000 0000:00:08.0 enp0s8: renamed from eth1
[    4.015098] sd 2:0:1:0: [sdb] Attached SCSI disk
[    4.030605]  sda: sda1
[    4.039906] sd 2:0:0:0: [sda] Attached SCSI disk
[    4.046724] e1000 0000:00:03.0 enp0s3: renamed from eth0
Begin: Loading essential drivers ... [    6.398292] raid6: sse2x1   gen()  2029 MB/s
[    6.468398] raid6: sse2x1   xor()  2634 MB/s
[    6.516261] raid6: sse2x2   gen()  6125 MB/s
[    6.568392] raid6: sse2x2   xor()  4045 MB/s
[    6.616154] raid6: sse2x4   gen()  5355 MB/s
[    6.674816] raid6: sse2x4   xor()  2077 MB/s
[    6.727620] raid6: avx2x1   gen()  3779 MB/s
[    6.776646] raid6: avx2x1   xor()  2481 MB/s
[    6.824713] raid6: avx2x2   gen()  5899 MB/s
[    6.876278] raid6: avx2x2   xor()  5796 MB/s
[    6.924431] raid6: avx2x4   gen() 18951 MB/s
[    6.976084] raid6: avx2x4   xor() 12230 MB/s
[    6.977412] raid6: using algorithm avx2x4 gen() 18951 MB/s
[    6.979158] raid6: .... xor() 12230 MB/s, rmw enabled
[    6.983840] raid6: using avx2x2 recovery algorithm
[    6.986878] xor: automatically using best checksumming function   avx       
[    6.990144] async_tx: api initialized (async)
done.
Begin: Running /scripts/init-premount ... done.
Begin: Mounting root file system ... Begin: Running /scripts/local-top ... done.
Begin: Running /scripts/local-premount ... [    7.057900] Btrfs loaded, crc32c=crc32c-intel
Scanning for Btrfs filesystems
done.
Warning: fsck not present, so skipping root file system
[    7.111268] EXT4-fs (sda1): mounted filesystem with ordered data mode. Opts: (null)
done.
Begin: Running /scripts/local-bottom ... done.
Begin: Running /scripts/init-bottom ... done.
[    7.361229] ip_tables: (C) 2000-2006 Netfilter Core Team
[    7.374028] systemd[1]: systemd 237 running in system mode. (+PAM +AUDIT +SELINUX +IMA +APPARMOR +SMACK +SYSVINIT +UTMP +LIBCRYPTSETUP +GCRYPT +GNUTLS +ACL +XZ +LZ4 +SECCOMP +BLKID +ELFUTILS +KMOD -IDN2 +IDN -PCRE2 default-hierarchy=hybrid)
[    7.378482] systemd[1]: Detected virtualization oracle.
[    7.379598] systemd[1]: Detected architecture x86-64.

Welcome to [1mUbuntu 18.04.3 LTS[0m!

[    7.402875] systemd[1]: Set hostname to <ubuntu-bionic>.
[    7.875558] systemd[1]: Set up automount Arbitrary Executable File Formats File System Automount Point.
[[0;32m  OK  [0m] Set up automount Arbitrary Executabâ€¦rmats File System Automount Point.
[    7.892819] systemd[1]: Started Forward Password Requests to Wall Directory Watch.
[[0;32m  OK  [0m] Started Forward Password Requests to Wall Directory Watch.
[    7.897737] systemd[1]: Reached target System Time Synchronized.
[[0;32m  OK  [0m] Reached target System Time Synchronized.
[    7.912653] systemd[1]: Reached target User and Group Name Lookups.
[[0;32m  OK  [0m] Reached target User and Group Name Lookups.
[    7.915536] systemd[1]: Reached target Swap.
[[0;32m  OK  [0m] Reached target Swap.
[    7.920870] systemd[1]: Created slice System Slice.
[[0;32m  OK  [0m] Created slice System Slice.
[[0;32m  OK  [0m] Listening on Device-mapper event daemon FIFOs.
[[0;32m  OK  [0m] Listening on Journal Audit Socket.
[[0;32m  OK  [0m] Created slice system-serial\x2dgetty.slice.
[[0;32m  OK  [0m] Listening on Journal Socket (/dev/log).
[[0;32m  OK  [0m] Listening on udev Control Socket.
[[0;32m  OK  [0m] Listening on Journal Socket.
         Starting Load Kernel Modules...
[[0;32m  OK  [0m] Listening on /dev/initctl Compatibility Named Pipe.
         Starting Set the console keyboard layout...
[[0;32m  OK  [0m] Listening on Syslog Socket.
[    8.014878] Loading iSCSI transport class v2.0-870.
         Starting Create list of required stâ€¦ce nodes for the current kernel...
         Starting Uncomplicated firewall...[    8.035430] iscsi: registered transport (tcp)

[[0;32m  OK  [0m] Listening on LVM2 poll daemon socket.
[[0;32m  OK  [0m] Listening on udev Kernel Socket.
[[0;32m  OK  [0m] Listening on LVM2 metadata daemon socket.
         Starting Remount Root and Kernel File Systems...
         Starting udev Coldplug all Devices...
[[0;32m  OK  [0m] Created slice User and Session Slice.
         Starting Journal Service...
[[0;32m  OK  [0m] Listening on Network Service Netlink Socket.
[[0;32m  OK  [0m] Reached target Slices.
         Mounting POSIX Message Queue File System...
[    8.147573] EXT4-fs (sda1): re-mounted. Opts: (null)
         Mounting Kernel Debug File System...
         Starting Monitoring of LVM2 mirrorsâ€¦ng dmeventd or progress polling...
         Mounting Huge Pages File System...
[[0;32m  OK  [0m[    8.165430] iscsi: registered transport (iser)
] Started Create list of required staâ€¦vice nodes for the current kernel.
[[0;32m  OK  [0m] Started Load Kernel Modules.
[[0;32m  OK  [0m] Started Uncomplicated firewall.
[[0;32m  OK  [0m] Started Remount Root and Kernel File Systems.
[[0;32m  OK  [0m] Mounted POSIX Message Queue File System.
[[0;32m  OK  [0m] Mounted Kernel Debug File System.
[[0;32m  OK  [0m] Mounted Huge Pages File System.
         Starting Load/Save Random Seed...
         Mounting FUSE Control File System...
         Mounting Kernel Configuration File System...
         Starting Apply Kernel Variables...
         Starting Create Static Device Nodes in /dev...
[[0;32m  OK  [0m] Started Load/Save Random Seed.
[[0;32m  OK  [0m] Mounted FUSE Control File System.
[[0;32m  OK  [0m] Mounted Kernel Configuration File System.
[[0;32m  OK  [0m] Started LVM2 metadata daemon.
[[0;32m  OK  [0m] Started udev Coldplug all Devices.
[[0;32m  OK  [0m] Started Journal Service.
         Starting Flush Journal to Persistent Storage...
[[0;32m  OK  [0m] Started Apply Kernel Variables.
[[0;32m  OK  [0m] Started Create Static Device Nodes in /dev.
         Starting udev Kernel Device Manager...
[[0;32m  OK  [0m] Started Set the console keyboard layout.
[[0;32m  OK  [0m] Started Monitoring of LVM2 mirrors,â€¦sing dmeventd or progress polling.
[[0;32m  OK  [0m] Reached target Local File Systems (Pre).
[[0;32m  OK  [0m] Reached target Local File Systems.
         Starting ebtables ruleset management...
         Starting Set console font and keymap...
         Starting AppArmor initialization...
         Starting Tell Plymouth To Write Out Runtime Data...
[[0;32m  OK  [0m] Started udev Kernel Device Manager.
[[0;32m  OK  [0m] Started Dispatch Password Requests to Console Directory Watch.
[[0;32m  OK  [0m] Reached target Local Encrypted Volumes.
[[0;32m  OK  [0m] Started Set console font and keymap.
[[0;32m  OK  [0m] Started Tell Plymouth To Write Out Runtime Data.
[[0;32m  OK  [0m] Started ebtables ruleset management.
[[0;32m  OK  [0m] Started Flush Journal to Persistent Storage.
         Starting Create Volatile Files and Directories...
[[0;32m  OK  [0m] Started Create Volatile Files and Directories.
         Starting Update UTMP about System Boot/Shutdown...
[[0;32m  OK  [0m] Started Update UTMP about System Boot/Shutdown.
[[0;32m  OK  [0m] Found device /dev/ttyS0.
[[0;32m  OK  [0m] Started AppArmor initialization.
         Starting Initial cloud-init job (pre-networking)...
[[0;32m  OK  [0m] Listening on Load/Save RF Kill Switch Status /dev/rfkill Watch.
[   12.101224] cloud-init[545]: Cloud-init v. 19.4-33-gbb4131a2-0ubuntu1~18.04.1 running 'init-local' at Mon, 20 Apr 2020 23:55:01 +0000. Up 11.73 seconds.
[[0;32m  OK  [0m] Started Initial cloud-init job (pre-networking).
[[0;32m  OK  [0m] Reached target Network (Pre).
         Starting Network Service...
[[0;32m  OK  [0m] Started Network Service.
         Starting Network Name Resolution...
         Starting Wait for Network to be Configured...
[[0;32m  OK  [0m] Started Network Name Resolution.
[[0;32m  OK  [0m] Reached target Host and Network Name Lookups.
[[0;32m  OK  [0m] Started Wait for Network to be Configured.
         Starting Initial cloud-init job (metadata service crawler)...
[   15.254024] cloud-init[727]: Cloud-init v. 19.4-33-gbb4131a2-0ubuntu1~18.04.1 running 'init' at Mon, 20 Apr 2020 23:55:04 +0000. Up 14.67 seconds.
[   15.262693] cloud-init[727]: ci-info: ++++++++++++++++++++++++++++++++++++++Net device info+++++++++++++++++++++++++++++++++++++++
[   15.269840] cloud-init[727]: ci-info: +--------+------+-----------------------------+---------------+--------+-------------------+
[   15.274699] cloud-init[727]: ci-info: | Device |  Up  |           Address           |      Mask     | Scope  |     Hw-Address    |
[   15.278860] cloud-init[727]: ci-info: +--------+------+-----------------------------+---------------+--------+-------------------+
[   15.285869] cloud-init[727]: ci-info: | enp0s3 | True |          10.0.2.15          | 255.255.255.0 | global | 02:ba:df:aa:bf:b5 |
[   15.290073] cloud-init[727]: ci-info: | enp0s3 | True |  fe80::ba:dfff:feaa:bfb5/64 |       .       |  link  | 02:ba:df:aa:bf:b5 |
[   15.296128] cloud-init[727]: ci-info: | enp0s8 | True |        192.168.33.10        | 255.255.255.0 | global | 08:00:27:fe:46:6f |
[   15.302087] cloud-init[727]: ci-info: | enp0s8 | True | fe80::a00:27ff:fefe:466f/64 |       .       |  link  | 08:00:27:fe:46:6f |
[   15.308562] cloud-init[727]: ci-info: |   lo   | True |          127.0.0.1          |   255.0.0.0   |  host  |         .         |
[   15.312564] cloud-init[727]: ci-info: |   lo   | True |           ::1/128           |       .       |  host  |         .         |
[   15.315637] cloud-init[727]: ci-info: +--------+------+-----------------------------+---------------+--------+-------------------+
[   15.322446] cloud-init[727]: ci-info: +++++++++++++++++++++++++++++Route IPv4 info+++++++++++++++++++++++++++++
[   15.328393] cloud-init[727]: ci-info: +-------+--------------+----------+-----------------+-----------+-------+
[   15.332144] cloud-init[727]: ci-info: | Route | Destination  | Gateway  |     Genmask     | Interface | Flags |
[   15.340314] cloud-init[727]: ci-info: +-------+--------------+----------+-----------------+-----------+-------+
[   15.357497] cloud-init[727]: ci-info: |   0   |   0.0.0.0    | 10.0.2.2 |     0.0.0.0     |   enp0s3  |   UG  |
[   15.368354] cloud-init[727]: ci-info: |   1   |   10.0.2.0   | 0.0.0.0  |  255.255.255.0  |   enp0s3  |   U   |
[   15.412934] cloud-init[727]: ci-info: |   2   |   10.0.2.2   | 0.0.0.0  | 255.255.255.255 |   enp0s3  |   UH  |
[   15.424773] cloud-init[727]: ci-info: |   3   | 192.168.33.0 | 0.0.0.0  |  255.255.255.0  |   enp0s8  |   U   |
[   15.427804] cloud-init[727]: ci-info: +-------+--------------+----------+-----------------+-----------+-------+
[   15.441330] cloud-init[727]: ci-info: +++++++++++++++++++Route IPv6 info+++++++++++++++++++
[   15.452699] cloud-init[727]: ci-info: +-------+-------------+---------+-----------+-------+
[   15.465270] cloud-init[727]: ci-info: | Route | Destination | Gateway | Interface | Flags |
[   15.484915] cloud-init[727]: ci-info: +-------+-------------+---------+-----------+-------+
[   15.501307] cloud-init[727]: ci-info: |   1   |  fe80::/64  |    ::   |   enp0s8  |   U   |
[   15.512593] cloud-init[727]: ci-info: |   2   |  fe80::/64  |    ::   |   enp0s3  |   U   |
[   15.528384] cloud-init[727]: ci-info: |   4   |    local    |    ::   |   enp0s3  |   U   |
[   15.542782] cloud-init[727]: ci-info: |   5   |    local    |    ::   |   enp0s8  |   U   |
[   15.560347] cloud-init[727]: ci-info: |   6   |   ff00::/8  |    ::   |   enp0s8  |   U   |
[   15.573044] cloud-init[727]: ci-info: |   7   |   ff00::/8  |    ::   |   enp0s3  |   U   |
[   15.585346] cloud-init[727]: ci-info: +-------+-------------+---------+-----------+-------+
[[0;32m  OK  [0m] Started Initial cloud-init job (metadata service crawler).
[[0;32m  OK  [0m] Reached target System Initialization.
[[0;32m  OK  [0m] Listening on Avahi mDNS/DNS-SD Stack Activation Socket.
[[0;32m  OK  [0m] Listening on Open-iSCSI iscsid Socket.
[[0;32m  OK  [0m] Listening on UUID daemon activation socket.
[[0;32m  OK  [0m] Started Daily apt download activities.
         Starting LXD - unix socket.
[[0;32m  OK  [0m] Listening on D-Bus System Message Bus Socket.
[[0;32m  OK  [0m] Started Daily Cleanup of Temporary Directories.
         Starting Socket activation for snappy daemon.
[[0;32m  OK  [0m] Started Discard unused blocks once a week.
[[0;32m  OK  [0m] Started Message of the Day.
[[0;32m  OK  [0m] Listening on ACPID Listen Socket.
[[0;32m  OK  [0m] Started ACPI Events Check.
[[0;32m  OK  [0m] Reached target Paths.
[[0;32m  OK  [0m] Started Daily apt upgrade and clean activities.
[[0;32m  OK  [0m] Reached target Timers.
[[0;32m  OK  [0m] Reached target Cloud-config availability.
[[0;32m  OK  [0m] Listening on LXD - unix socket.
[[0;32m  OK  [0m] Listening on Socket activation for snappy daemon.
[[0;32m  OK  [0m] Reached target Sockets.
[[0;32m  OK  [0m] Reached target Basic System.
         Starting Accounts Service...
         Starting Avahi mDNS/DNS-SD Stack...
         Starting vboxadd.service...
         Starting Dispatcher daemon for systemd-networkd...
         Starting LSB: Record successful boot for GRUB...
         Starting Modem Manager...
[[0;32m  OK  [0m] Started FUSE filesystem for LXC.
         Starting Login Service...
[[0;32m  OK  [0m] Started irqbalance daemon.
[[0;32m  OK  [0m] Started D-Bus System Message Bus.
         Starting WPA supplicant...
[[0;32m  OK  [0m] Started Deferred execution scheduler.
[[0;32m  OK  [0m] Started Regular background program processing daemon.
         Starting Snappy daemon...
         Starting System Logging Service...
         Starting LXD - container startup/shutdown...
[[0;32m  OK  [0m] Started Avahi mDNS/DNS-SD Stack.
[[0;32m  OK  [0m] Started WPA supplicant.
[[0;32m  OK  [0m] Started Login Service.
[[0;32m  OK  [0m] Started System Logging Service.
         Starting Authorization Manager...
[[0;32m  OK  [0m] Reached target Network.
[[0;32m  OK  [0m] Reached target Network is Online.
         Starting OpenBSD Secure Shell server...
         Starting Availability of block devices...
[[0;32m  OK  [0m] Reached target Remote File Systems (Pre).
[[0;32m  OK  [0m] Reached target Remote File Systems.
         Starting Permit User Sessions...
         Starting LSB: automatic crash report generation...
[[0;32m  OK  [0m] Started Unattended Upgrades Shutdown.
[[0;32m  OK  [0m] Started LSB: Record successful boot for GRUB.
[[0;32m  OK  [0m] Started Authorization Manager.
[[0;32m  OK  [0m] Started Accounts Service.
[[0;32m  OK  [0m] Started Availability of block devices.
[[0;32m  OK  [0m] Started Permit User Sessions.
         Starting Hold until boot process finishes up...
         Starting Terminate Plymouth Boot Screen...
[[0;32m  OK  [0m] Started Hold until boot process finishes up.
[[0;32m  OK  [0m] Started Terminate Plymouth Boot Screen.
[[0;32m  OK  [0m] Started Serial Getty on ttyS0.
         Starting Set console scheme...
[[0;32m  OK  [0m] Started Set console scheme.
[[0;32m  OK  [0m] Created slice system-getty.slice.
[[0;32m  OK  [0m] Started Getty on tty1.
[[0;32m  OK  [0m] Reached target Login Prompts.
[[0;32m  OK  [0m] Started Modem Manager.
[[0;32m  OK  [0m] Started Dispatcher daemon for systemd-networkd.
[[0;32m  OK  [0m] Started OpenBSD Secure Shell server.
[[0;32m  OK  [0m] Started LSB: automatic crash report generation.
[[0;32m  OK  [0m] Started LXD - container startup/shutdown.
[[0;32m  OK  [0m] Started Snappy daemon.
         Starting Wait until snapd is fully seeded...
[[0;32m  OK  [0m] Started Wait until snapd is fully seeded.
         Starting Apply the settings specified in cloud-config...
[[0;32m  OK  [0m] Created slice User Slice of vagrant.
         Starting User Manager for UID 1000...
[[0;32m  OK  [0m] Started Session 1 of user vagrant.
[[0;32m  OK  [0m] Started User Manager for UID 1000.
[   22.102856] cloud-init[1019]: Cloud-init v. 19.4-33-gbb4131a2-0ubuntu1~18.04.1 running 'modules:config' at Mon, 20 Apr 2020 23:55:11 +0000. Up 21.65 seconds.
[[0;32m  OK  [0m] Started vboxadd.service.
         Starting vboxadd-service.service...
[[0;32m  OK  [0m] Started Apply the settings specified in cloud-config.
[[0;32m  OK  [0m] Started vboxadd-service.service.
[[0;32m  OK  [0m] Reached target Multi-User System.
         Starting Execute cloud user/final scripts...
[[0;32m  OK  [0m] Reached target Graphical Interface.
         Starting Update UTMP about System Runlevel Changes...
[[0;32m  OK  [0m] Started Update UTMP about System Runlevel Changes.

Ubuntu 18.04.3 LTS ubuntu-bionic ttyS0

ubuntu-bionic login: [   24.157600] cloud-init[1168]: Cloud-init v. 19.4-33-gbb4131a2-0ubuntu1~18.04.1 running 'modules:final' at Mon, 20 Apr 2020 23:55:13 +0000. Up 23.87 seconds.
[   24.157820] cloud-init[1168]: Cloud-init v. 19.4-33-gbb4131a2-0ubuntu1~18.04.1 finished at Mon, 20 Apr 2020 23:55:13 +0000. Datasource DataSourceNoCloud [seed=/dev/sdb][dsmode=net].  Up 24.13 seconds
